{
  "workers": 1,
  "cases": [
    {
      "case": "interior-mixture",
      "loss": "0",
      "new_vertices": 1
    },
    {
      "case": "boundary-sensitive",
      "loss": "1/2",
      "new_vertices": 1
    },
    {
      "case": "variable-prior",
      "loss": "1/2",
      "new_vertices": 3
    },
    {
      "case": "zero-mass",
      "loss": "1/4",
      "new_vertices": 1
    }
  ],
  "negative_control_old_vertex_only": "1/4",
  "cpu_seconds": 0.004971125,
  "wall_seconds": 0.0053662600000023986,
  "peak_rss_kib": 20568,
  "status": "finite exact checks passed; not a general mechanized proof"
}
{"cpu_seconds": 0.48533338099999995, "peak_rss_kib": 23412, "result": {"boundary_states": 2, "certificates_replayed": 405, "contract_pairs_oracle_checked": 2025, "mismatches": 0, "old_contracts": 45, "tester_laws": 9}, "stage": "grid", "wall_seconds": 0.487414170000001, "workers": 1}
{"cpu_seconds": 2.743263811, "peak_rss_kib": 20568, "result": {"additional_seed": 418, "certificates_replayed": 20, "max_boundary_states": 4, "max_generators_each": 5, "mismatches": 0, "pilot_seed": 417}, "stage": "stress", "wall_seconds": 2.820719117000003, "workers": 1}
{"cpu_seconds": 0.004258536, "peak_rss_kib": 20568, "result": {"correct_output": 64, "correct_without_monitor": 52, "monitor_false_positives": 0, "monitor_true": 12, "replacement_loss": "1/2", "source_case": {"new": {"actual_toy_output": "1/2", "cache_scalar": "1/2"}, "old": {"actual_toy_output": "1", "cache_scalar": "1/2"}}, "truth_table_rows": 128}, "stage": "pipeline", "wall_seconds": 0.26561349499999665, "workers": 1}
{"cpu_seconds": 0.011065429000000002, "peak_rss_kib": 20568, "result": {"corrupted_certificates_rejected": 12, "invalid_sources_or_domains_rejected": 8, "semantic_counterexamples": 7}, "stage": "controls", "wall_seconds": 0.055142074999999124, "workers": 1}
{"stage": "randomization", "workers": 1, "result": {"certificates_replayed": 2, "mixtures_checked": 17}, "cpu_seconds": 0.005030103000000001, "wall_seconds": 0.07107287699999887, "peak_rss_kib": 20568}
{"dependency": {"generated_certificate_replayed": true, "join_tree_global_cells": 8, "mutation_used_isolated_copy": true, "negative_inputs_rejected": ["join-cycle-negative.json", "join-separator-negative.json"], "retained_certificate_cells": 8, "retained_certificate_replayed": true, "retained_input_preserved": true, "retained_matches_generated": true, "single_cell_mutation_rejected": true}, "negative_certificates_rejected": 4, "point_oracle": {"denominator": 4, "laws": 35, "ordered_pairs": 1225, "transport_upset_mismatches": 0, "triangle_triples": 42875, "triangle_violations": 0}, "random_exact_certificates": 20, "random_seeds": [710, 711, 712, 713, 714, 715, 716, 717, 718, 719, 720, 721, 722, 723, 724, 725, 726, 727, 728, 729], "relational_witness": {"correlated_frame_contextual_loss": "1/4", "direct_fixed_upset_gap": "0"}, "retained_cases": {"order-binary": "1/4", "order-convex": "1/4", "order-pipeline": "1/4", "order-relational": "1/4"}, "scope": "finite exact validation; written proofs establish the general finite theorems"}
{"denominator": 3, "ordered_pairs": 1116, "posets": 6, "records": [{"laws": 4, "nonempty_upward_sets": 2, "ordered_pairs": 16, "outcomes": 2, "poset": "chain2", "target_monitor_upward_violations": 0, "transport_upset_mismatches": 0, "triangle_triples": 64, "triangle_violations": 0}, {"laws": 10, "nonempty_upward_sets": 3, "ordered_pairs": 100, "outcomes": 3, "poset": "chain3", "target_monitor_upward_violations": 0, "transport_upset_mismatches": 0, "triangle_triples": 1000, "triangle_violations": 0}, {"laws": 10, "nonempty_upward_sets": 4, "ordered_pairs": 100, "outcomes": 3, "poset": "vee3", "target_monitor_upward_violations": 0, "transport_upset_mismatches": 0, "triangle_triples": 1000, "triangle_violations": 0}, {"laws": 10, "nonempty_upward_sets": 4, "ordered_pairs": 100, "outcomes": 3, "poset": "wedge3", "target_monitor_upward_violations": 0, "transport_upset_mismatches": 0, "triangle_triples": 1000, "triangle_violations": 0}, {"laws": 20, "nonempty_upward_sets": 5, "ordered_pairs": 400, "outcomes": 4, "poset": "diamond4", "target_monitor_upward_violations": 0, "transport_upset_mismatches": 0, "triangle_triples": 8000, "triangle_violations": 0}, {"laws": 20, "nonempty_upward_sets": 15, "ordered_pairs": 400, "outcomes": 4, "poset": "antichain4", "target_monitor_upward_violations": 0, "transport_upset_mismatches": 0, "triangle_triples": 8000, "triangle_violations": 0}], "scope": "finite exact multi-poset cross-check; not a proof of the general theorem", "target_monitor_upward_violations": 0, "transport_upset_mismatches": 0, "triangle_triples": 19064, "triangle_violations": 0}
{"flow_upward_set_mismatches": 0, "labeled_posets_by_size": {"2": 3, "3": 19, "4": 219}, "law_denominator": 2, "maximum_upward_sets_including_empty": 16, "ordered_law_pairs": 22611, "ordered_law_triples": 223185, "scope": "exhaustive finite check over every labeled poset with two to four outcomes; not a proof for arbitrary finite posets", "target_monitor_upward_violations": 0, "total_labeled_posets": 241, "triangle_violations": 0}
{"deterministic_data_processing_violations": 0, "deterministic_law_pair_map_checks": 159957, "deterministic_monotone_maps": 4732, "kernel_row_denominator": 2, "scope": "exhaustive deterministic-map and denominator-two stochastic-kernel check over all labeled two- and three-outcome posets; not a proof for arbitrary kernels", "source_law_denominator": 2, "source_posets": 22, "source_target_poset_pairs": 484, "stochastic_data_processing_violations": 0, "stochastic_law_pair_kernel_checks": 864081, "stochastically_monotone_kernels": 24972, "target_posets": 22}
{"boolean_contexts_enumerated": 36, "boolean_mismatches": 0, "contract_pairs": 225, "denominator": 3, "distinct_component_frame_couplings": 20, "formula_value_histogram_in_units_of_one_third": {"0": 155, "1": 42, "2": 20, "3": 8}, "frame_laws": 4, "mismatches": 0, "model": "one boundary; chain 0<1; binary frame; every monotone {0,1/2,1}-valued reward, with Boolean monitors checked separately", "monotone_boolean_monitors": 9, "monotone_three_level_rewards": 36, "nonempty_finite_contracts": 15, "point_laws": 4, "reward_contexts_enumerated": 144, "reward_denominator": 2, "reward_mismatches": 0, "scope": "bounded exhaustive semantic cross-check; not a proof of the general theorem"}
{"cpu_seconds": 0.548160828, "peak_rss_kib": 76124, "result": {"both_endpoints_optimal_targets": 31, "endpoint_also_optimal_among_listed_interior_targets": 20, "interior_optimum_exists_targets": 58, "interior_required_targets": 11, "listed_interior_candidate_targets": 31, "mismatches": 0, "mixed_test_duality_mismatches": 0, "pure_test_strict_gap_targets": 9, "target_generators": 99, "tasks": 50}, "stage": "independent-contract-oracle", "wall_seconds": 0.5505160920000023, "workers": 1}
{"certificates_mutated": 24, "mutation_classes": {"list_shape": 24, "numeric_leaf": 1444, "numeric_type": 24, "schema_delete": 120, "schema_extra": 24}, "mutations_attempted": 1636, "mutations_rejected": 1636, "scope": "deterministic single-field mutation testing of retained order certificates; not a proof of checker correctness", "unexpected_acceptances": 0, "unexpected_examples": []}
{"failure_examples": [], "named_tasks": 4, "scope": "deterministic representation-invariance checks for named production tasks; not a completeness proof for the numerical certificate producer", "transformation_classes": {"boundary-permutation": 1, "combined-permutation-and-renaming": 4, "new-generator-reversal": 1, "old-generator-reversal": 2, "outcome-permutation": 10}, "transformed_tasks_checked": 18, "value_or_replay_failures": 0}
{"cases": [{"certificate_value": "1", "exact_replay": true, "nonempty_upward_sets": 2, "order": "chain", "outcomes": 2, "transport_cells": 4}, {"certificate_value": "1", "exact_replay": true, "nonempty_upward_sets": 3, "order": "chain", "outcomes": 3, "transport_cells": 9}, {"certificate_value": "1", "exact_replay": true, "nonempty_upward_sets": 4, "order": "chain", "outcomes": 4, "transport_cells": 16}, {"certificate_value": "1", "exact_replay": true, "nonempty_upward_sets": 5, "order": "chain", "outcomes": 5, "transport_cells": 25}, {"certificate_value": "1", "exact_replay": true, "nonempty_upward_sets": 6, "order": "chain", "outcomes": 6, "transport_cells": 36}, {"certificate_value": "1", "exact_replay": true, "nonempty_upward_sets": 7, "order": "chain", "outcomes": 7, "transport_cells": 49}, {"certificate_value": "1", "exact_replay": true, "nonempty_upward_sets": 8, "order": "chain", "outcomes": 8, "transport_cells": 64}, {"certificate_value": "1", "exact_replay": true, "nonempty_upward_sets": 3, "order": "antichain", "outcomes": 2, "transport_cells": 4}, {"certificate_value": "1", "exact_replay": true, "nonempty_upward_sets": 7, "order": "antichain", "outcomes": 3, "transport_cells": 9}, {"certificate_value": "1", "exact_replay": true, "nonempty_upward_sets": 15, "order": "antichain", "outcomes": 4, "transport_cells": 16}, {"certificate_value": "1", "exact_replay": true, "nonempty_upward_sets": 31, "order": "antichain", "outcomes": 5, "transport_cells": 25}, {"certificate_value": "1", "exact_replay": true, "nonempty_upward_sets": 63, "order": "antichain", "outcomes": 6, "transport_cells": 36}, {"certificate_value": "1", "exact_replay": true, "nonempty_upward_sets": 127, "order": "antichain", "outcomes": 7, "transport_cells": 49}, {"certificate_value": "1", "exact_replay": true, "nonempty_upward_sets": 255, "order": "antichain", "outcomes": 8, "transport_cells": 64}], "cases_checked": 14, "failures": 0, "limitation": "antichain upward sets grow as 2^n-1, so the reference encoding is not a scalability result", "maximum_nonempty_upward_sets": 255, "maximum_transport_cells": 64, "scope": "bounded structural profile of the explicit reference implementation; timings are excluded from scientific claims", "supported_outcome_range": [2, 8]}
{"cpu_seconds": 0.009734355, "peak_rss_kib": 20696, "result": {"cases_checked": 14, "expected_rejections": 12, "unexpected_acceptances": 0}, "stage": "input-validation", "wall_seconds": 2.0962886330000003, "workers": 1}
{"ambient_correlated_witness_floor": "0", "averaged_all_coupling_floor": "0", "fresh_mode_floor": "1/4", "incorrect_without_fiber_value": "0", "order_integer_and_nonreduced_rational_controls": "accepted exactly", "same_component_and_frame_marginals": true, "scope": "three finite semantic/syntax regression families, not a universal proof", "variable_prior_fiber_value": "1/2"}
{"cpu_seconds": 0.112899556, "peak_rss_kib": 20696, "result": {"certificates_replayed": 432}, "stage": "replay", "wall_seconds": 0.11239711399999663, "workers": 1}
{"cpu_seconds": 0.0010000590000000045, "loss": "1/2", "peak_rss_kib": 20696, "wall_seconds": 0.0009442030000030854, "workers": 1}
ACCEPT: exact worst contextual reliability loss = 1/2
{"cpu_seconds": 0.003997613000000004, "loss": "1/2", "peak_rss_kib": 20696, "wall_seconds": 0.004194676000004449, "workers": 1}
ACCEPT: exact worst contextual reliability loss = 1/2
exact order-coupling certificate value = 1/4
ACCEPT: exact order-coupling contextual loss = 1/4
constructed 8-cell global law
ACCEPT: 8-cell exact extension
ACCEPT: 8-cell exact extension
{"certificate_mutations_rejected": 1636, "contextual_certificates_replayed": 456, "cpu_seconds": 12.903292461, "dependency_certificate_objects": 1, "dependency_generated_certificate_replays": 1, "dependency_retained_certificate_replays": 1, "dependency_retained_matches_generated": true, "dependency_single_cell_mutations_rejected": 1, "exhaustive_all_poset_pairs": 22611, "exhaustive_all_poset_triples": 223185, "exhaustive_boolean_contexts": 36, "exhaustive_context_contract_pairs": 225, "exhaustive_deterministic_data_processing_checks": 159957, "exhaustive_deterministic_monotone_maps": 4732, "exhaustive_labeled_posets": 241, "exhaustive_reward_contexts": 144, "exhaustive_stochastic_data_processing_checks": 864081, "exhaustive_stochastically_monotone_kernels": 24972, "independent_contract_oracle_both_endpoints_optimal": 31, "independent_contract_oracle_endpoint_also_optimal_among_listed": 20, "independent_contract_oracle_interior_optimum_exists": 58, "independent_contract_oracle_interior_required": 11, "independent_contract_oracle_listed_interior_candidates": 31, "independent_contract_oracle_strict_pure_test_gaps": 9, "independent_contract_oracle_targets": 99, "independent_contract_oracle_tasks": 50, "input_validation_cases": 14, "input_validation_expected_rejections": 12, "isolated_temporary_worktree": true, "metamorphic_transformed_tasks": 18, "multi_poset_pairs": 1116, "multi_poset_triangle_triples": 19064, "one_worker": true, "order_certificate_objects_exactly_replayed": 24, "order_witness_identity_required": false, "parent_peak_rss_kib": 23880, "peak_child_rss_kib": 76824, "scientific_files_compared": 51, "scientific_mismatches": 0, "scope": "finite exact reproduction, not a general mechanized proof or independent review", "structural_scaling_cases": 14, "wall_seconds": 15.577370279}
